// Jest Snapshot v1, https://goo.gl/fbAQLP

exports[`SessionWarningModal snapshots matches snapshot when modal is closed 1`] = `<div />`;

exports[`SessionWarningModal snapshots matches snapshot when modal is open 1`] = `
<div>
  <div
    aria-labelledby="session-warning-title"
    aria-modal="true"
    class="fixed inset-0 bg-black bg-opacity-50 flex items-center justify-center z-50"
    role="dialog"
  >
    <div
      class="bg-white rounded-lg p-6 max-w-md w-full mx-4"
    >
      <h2
        class="text-xl font-semibold mb-4"
        id="session-warning-title"
      >
        Session Expiring Soon
      </h2>
      <p
        class="mb-6"
      >
        Your session will expire in approximately 
        5
         minutes. Would you like to extend your session?
      </p>
      <div
        class="flex justify-end space-x-4"
      >
        <button
          class="px-4 py-2 text-gray-600 hover:text-gray-800"
        >
          Logout Now
        </button>
        <button
          class="px-4 py-2 bg-indigo-600 text-white rounded hover:bg-indigo-700"
        >
          Extend Session
        </button>
      </div>
    </div>
  </div>
</div>
`;

exports[`SessionWarningModal snapshots matches snapshot with different remaining minutes 1`] = `
<div>
  <div
    aria-labelledby="session-warning-title"
    aria-modal="true"
    class="fixed inset-0 bg-black bg-opacity-50 flex items-center justify-center z-50"
    role="dialog"
  >
    <div
      class="bg-white rounded-lg p-6 max-w-md w-full mx-4"
    >
      <h2
        class="text-xl font-semibold mb-4"
        id="session-warning-title"
      >
        Session Expiring Soon
      </h2>
      <p
        class="mb-6"
      >
        Your session will expire in approximately 
        1
         minutes. Would you like to extend your session?
      </p>
      <div
        class="flex justify-end space-x-4"
      >
        <button
          class="px-4 py-2 text-gray-600 hover:text-gray-800"
        >
          Logout Now
        </button>
        <button
          class="px-4 py-2 bg-indigo-600 text-white rounded hover:bg-indigo-700"
        >
          Extend Session
        </button>
      </div>
    </div>
  </div>
</div>
`;
